// Jest Snapshot v1, https://goo.gl/fbAQLP

exports[`Todo Component Renders 1`] = `null`;
